
> client@0.0.0 build
> vite build

[36mvite v8.0.5 [32mbuilding client environment for production...[36m[39m
[2K
transforming...Γ£ô 1982 modules transformed.
node.exe : [31mΓ£ù[39m Build failed in 488ms
At line:1 char:1
+ & "C:\Program Files\nodejs/node.exe" "C:\Program Files\nodejs/node_mo ...
+ ~~~~~~~~~~~~~~~~~~~~~~~~~~~~~~~~~~~~~~~~~~~~~~~~~~~~~~~~~~~~~~~~~~~~~
    + CategoryInfo          : NotSpecified: ([31mΓ£ù[39m Build failed in 488ms:String) [], RemoteException
    + FullyQualifiedErrorId : NativeCommandError
 
[31merror during build:
[31mBuild failed with 1 error:

[31m[builtin:vite-transform] Error:[0m Invalid Unicode escape sequence
     [38;5;246mΓò¡[0m[38;5;246mΓöÇ[0m[38;5;246m[[0m src/context/DataContext.jsx:398:44 [38;5;246m][0m
     [38;5;246mΓöé[0m
 [38;5;246m398 Γöé[0m [38;5;249m [0m[38;5;249m [0m[38;5;249m [0m[38;5;249m [0m[38;5;249ma[0m[38;5;249md[0
m[38;5;249md[0m[38;5;249mN[0m[38;5;249mo[0m[38;5;249mt[0m[38;5;249mi[0m[38;5;249mf[0m[38;5;249mi[0m[38;5
;249mc[0m[38;5;249ma[0m[38;5;249mt[0m[38;5;249mi[0m[38;5;249mo[0m[38;5;249mn[0m[38;5;249m([0m[38;5;249mt
[0m[38;5;249me[0m[38;5;249ma[0m[38;5;249mc[0m[38;5;249mh[0m[38;5;249me[0m[38;5;249mr[0m[38;5;249mI[0m[38
;5;249md[0m[38;5;249m,[0m[38;5;249m [0m[38;5;249m'[0m[38;5;249mt[0m[38;5;249me[0m[38;5;249ma[0m[38;5;249m
c[0m[38;5;249mh[0m[38;5;249me[0m[38;5;249mr[0m[38;5;249m'[0m[38;5;249m,[0m[38;5;249m 
[0m[38;5;249m\[0mA[38;5;249md[0m[38;5;249mm[0m[38;5;249mi[0m[38;5;249mn[0m[38;5;249m 
[0m[38;5;249mp[0m[38;5;249mh[0m[38;5;249m├ó[0m[38;5;249mn[0m[38;5;249m 
[0m[38;5;249mc[0m[38;5;249m├┤[0m[38;5;249mn[0m[38;5;249mg[0m[38;5;249m 
[0m[38;5;249mh[0m[38;5;249mß╗ì[0m[38;5;249mc[0m[38;5;249m 
[0m[38;5;249mv[0m[38;5;249mi[0m[38;5;249m├¬[0m[38;5;249mn[0m[38;5;249m [0m[38;5;249m 
[0m[38;5;249mc[0m[38;5;249mh[0m[38;5;249mo[0m[38;5;249m 
[0m[38;5;249mb[0m[38;5;249mß║í[0m[38;5;249mn[0m[38;5;249m\[0m[38;5;249m)[0m[38;5;249m;[0m
 [38;5;240m    Γöé[0m                                            Γö¼  
 [38;5;240m    Γöé[0m                                            Γò░ΓöÇΓöÇ 
[38;5;246mΓöÇΓöÇΓöÇΓöÇΓöÇΓò»[0m
[31m
    at aggregateBindingErrorsIntoJsError 
(file:///C:/Users/thang/Desktop/QUANLYCMS/client/node_modules/rolldown/dist/shared/error-BLhcSyeg.mjs:48:18)
    at unwrapBindingResult 
(file:///C:/Users/thang/Desktop/QUANLYCMS/client/node_modules/rolldown/dist/shared/error-BLhcSyeg.mjs:18:128)
    at #build 
(file:///C:/Users/thang/Desktop/QUANLYCMS/client/node_modules/rolldown/dist/shared/rolldown-build-CPrIX9V6.mjs:3313:34)
    at async buildEnvironment 
(file:///C:/Users/thang/Desktop/QUANLYCMS/client/node_modules/vite/dist/node/chunks/node.js:32939:64)
    at async Object.build 
(file:///C:/Users/thang/Desktop/QUANLYCMS/client/node_modules/vite/dist/node/chunks/node.js:33361:19)
    at async Object.buildApp 
(file:///C:/Users/thang/Desktop/QUANLYCMS/client/node_modules/vite/dist/node/chunks/node.js:33358:153)
    at async CAC.<anonymous> 
(file:///C:/Users/thang/Desktop/QUANLYCMS/client/node_modules/vite/dist/node/cli.js:778:3) {
  errors: [Getter/Setter]
}[39m
